// Jest Snapshot v1, https://goo.gl/fbAQLP

exports[`<ServiceItem /> should render the heading 1`] = `
<main
  class=""
>
  <h1>
    ServiceItem
  </h1>
</main>
`
